pages/InventoryPage.tsx(8,29): error TS2307: Cannot find module 'html5-qrcode' or its corresponding type declarations.
pages/POS.tsx(7,29): error TS2307: Cannot find module 'html5-qrcode' or its corresponding type declarations.
